{
    "message": "Name already exists",
    "errors": {
        "name": [
            "Name already exists"
        ]
    }
}
