{
    "user_id": 2,
    "name": "name_to_create",
    "no_of_views": 0,
    "no_of_tabs": 0
}
