{
    "data": [
        {
            "id": 1,
            "user_id": 1,
            "name": "Abba",
            "no_of_tabs": 2,
            "no_of_views": 101
        },
        {
            "id": 2,
            "user_id": 1,
            "name": "Rolling Stones",
            "no_of_tabs": 8,
            "no_of_views": 253
        },
        {
            "id": 3,
            "user_id": 2,
            "name": "The Doors",
            "no_of_tabs": 2,
            "no_of_views": 56
        }
    ]
}
