{
    "data": {
        "user_id": 2,
        "name": "name_to_create",
        "no_of_tabs": null,
        "no_of_views": null
    }
}
