{
    "message": "Name is required",
    "errors": {
        "name": [
            "Name is required"
        ]
    }
}
